Archive member included to satisfy reference by file (symbol)

/usr/local/3rdparty/altera/18.1/nios2eds/bin/gnu/H-x86_64-pc-linux-gnu/bin/../lib/gcc/nios2-elf/5.3.0/libgcc.a(_fixunssfdi.o)
                              obj/default/hello_world_small.o (__fixunssfdi)
/usr/local/3rdparty/altera/18.1/nios2eds/bin/gnu/H-x86_64-pc-linux-gnu/bin/../lib/gcc/nios2-elf/5.3.0/libgcc.a(_floatundisf.o)
                              obj/default/hello_world_small.o (__floatundisf)
/usr/local/3rdparty/altera/18.1/nios2eds/bin/gnu/H-x86_64-pc-linux-gnu/bin/../lib/gcc/nios2-elf/5.3.0/libgcc.a(_umoddi3.o)
                              obj/default/hello_world_small.o (__umoddi3)
/usr/local/3rdparty/altera/18.1/nios2eds/bin/gnu/H-x86_64-pc-linux-gnu/bin/../lib/gcc/nios2-elf/5.3.0/libgcc.a(lib2-divmod.o)
                              /usr/local/3rdparty/altera/18.1/nios2eds/bin/gnu/H-x86_64-pc-linux-gnu/bin/../lib/gcc/nios2-elf/5.3.0/libgcc.a(_umoddi3.o) (__udivsi3)
/usr/local/3rdparty/altera/18.1/nios2eds/bin/gnu/H-x86_64-pc-linux-gnu/bin/../lib/gcc/nios2-elf/5.3.0/libgcc.a(addsf3.o)
                              obj/default/hello_world_small.o (__addsf3)
/usr/local/3rdparty/altera/18.1/nios2eds/bin/gnu/H-x86_64-pc-linux-gnu/bin/../lib/gcc/nios2-elf/5.3.0/libgcc.a(mulsf3.o)
                              obj/default/hello_world_small.o (__mulsf3)
/usr/local/3rdparty/altera/18.1/nios2eds/bin/gnu/H-x86_64-pc-linux-gnu/bin/../lib/gcc/nios2-elf/5.3.0/libgcc.a(adddf3.o)
                              /usr/local/3rdparty/altera/18.1/nios2eds/bin/gnu/H-x86_64-pc-linux-gnu/bin/../lib/gcc/nios2-elf/5.3.0/libgcc.a(_floatundisf.o) (__adddf3)
/usr/local/3rdparty/altera/18.1/nios2eds/bin/gnu/H-x86_64-pc-linux-gnu/bin/../lib/gcc/nios2-elf/5.3.0/libgcc.a(muldf3.o)
                              /usr/local/3rdparty/altera/18.1/nios2eds/bin/gnu/H-x86_64-pc-linux-gnu/bin/../lib/gcc/nios2-elf/5.3.0/libgcc.a(_fixunssfdi.o) (__muldf3)
/usr/local/3rdparty/altera/18.1/nios2eds/bin/gnu/H-x86_64-pc-linux-gnu/bin/../lib/gcc/nios2-elf/5.3.0/libgcc.a(subdf3.o)
                              /usr/local/3rdparty/altera/18.1/nios2eds/bin/gnu/H-x86_64-pc-linux-gnu/bin/../lib/gcc/nios2-elf/5.3.0/libgcc.a(_fixunssfdi.o) (__subdf3)
/usr/local/3rdparty/altera/18.1/nios2eds/bin/gnu/H-x86_64-pc-linux-gnu/bin/../lib/gcc/nios2-elf/5.3.0/libgcc.a(floatunsidf.o)
                              /usr/local/3rdparty/altera/18.1/nios2eds/bin/gnu/H-x86_64-pc-linux-gnu/bin/../lib/gcc/nios2-elf/5.3.0/libgcc.a(_fixunssfdi.o) (__floatunsidf)
/usr/local/3rdparty/altera/18.1/nios2eds/bin/gnu/H-x86_64-pc-linux-gnu/bin/../lib/gcc/nios2-elf/5.3.0/libgcc.a(extendsfdf2.o)
                              /usr/local/3rdparty/altera/18.1/nios2eds/bin/gnu/H-x86_64-pc-linux-gnu/bin/../lib/gcc/nios2-elf/5.3.0/libgcc.a(_fixunssfdi.o) (__extendsfdf2)
/usr/local/3rdparty/altera/18.1/nios2eds/bin/gnu/H-x86_64-pc-linux-gnu/bin/../lib/gcc/nios2-elf/5.3.0/libgcc.a(truncdfsf2.o)
                              /usr/local/3rdparty/altera/18.1/nios2eds/bin/gnu/H-x86_64-pc-linux-gnu/bin/../lib/gcc/nios2-elf/5.3.0/libgcc.a(_floatundisf.o) (__truncdfsf2)
/usr/local/3rdparty/altera/18.1/nios2eds/bin/gnu/H-x86_64-pc-linux-gnu/bin/../lib/gcc/nios2-elf/5.3.0/libgcc.a(_clz.o)
                              /usr/local/3rdparty/altera/18.1/nios2eds/bin/gnu/H-x86_64-pc-linux-gnu/bin/../lib/gcc/nios2-elf/5.3.0/libgcc.a(_umoddi3.o) (__clz_tab)
/usr/local/3rdparty/altera/18.1/nios2eds/bin/gnu/H-x86_64-pc-linux-gnu/bin/../lib/gcc/nios2-elf/5.3.0/libgcc.a(_clzsi2.o)
                              /usr/local/3rdparty/altera/18.1/nios2eds/bin/gnu/H-x86_64-pc-linux-gnu/bin/../lib/gcc/nios2-elf/5.3.0/libgcc.a(addsf3.o) (__clzsi2)
/usr/local/3rdparty/altera/18.1/nios2eds/bin/gnu/H-x86_64-pc-linux-gnu/bin/../lib/gcc/nios2-elf/5.3.0/libgcc.a(_fixunsdfsi.o)
                              /usr/local/3rdparty/altera/18.1/nios2eds/bin/gnu/H-x86_64-pc-linux-gnu/bin/../lib/gcc/nios2-elf/5.3.0/libgcc.a(_fixunssfdi.o) (__fixunsdfsi)
/usr/local/3rdparty/altera/18.1/nios2eds/bin/gnu/H-x86_64-pc-linux-gnu/bin/../lib/gcc/nios2-elf/5.3.0/libgcc.a(gedf2.o)
                              /usr/local/3rdparty/altera/18.1/nios2eds/bin/gnu/H-x86_64-pc-linux-gnu/bin/../lib/gcc/nios2-elf/5.3.0/libgcc.a(_fixunsdfsi.o) (__gedf2)
/usr/local/3rdparty/altera/18.1/nios2eds/bin/gnu/H-x86_64-pc-linux-gnu/bin/../lib/gcc/nios2-elf/5.3.0/libgcc.a(fixdfsi.o)
                              /usr/local/3rdparty/altera/18.1/nios2eds/bin/gnu/H-x86_64-pc-linux-gnu/bin/../lib/gcc/nios2-elf/5.3.0/libgcc.a(_fixunsdfsi.o) (__fixdfsi)
../leds_eclipse_bsp//libhal_bsp.a(alt_load.o)
                              ../leds_eclipse_bsp//obj/HAL/src/crt0.o (alt_load)
../leds_eclipse_bsp//libhal_bsp.a(alt_main.o)
                              ../leds_eclipse_bsp//obj/HAL/src/crt0.o (alt_main)
../leds_eclipse_bsp//libhal_bsp.a(alt_sys_init.o)
                              ../leds_eclipse_bsp//libhal_bsp.a(alt_main.o) (alt_irq_init)
../leds_eclipse_bsp//libhal_bsp.a(alt_dcache_flush_all.o)
                              ../leds_eclipse_bsp//libhal_bsp.a(alt_load.o) (alt_dcache_flush_all)
../leds_eclipse_bsp//libhal_bsp.a(alt_icache_flush_all.o)
                              ../leds_eclipse_bsp//libhal_bsp.a(alt_load.o) (alt_icache_flush_all)
../leds_eclipse_bsp//libhal_bsp.a(altera_nios2_gen2_irq.o)
                              ../leds_eclipse_bsp//libhal_bsp.a(alt_sys_init.o) (altera_nios2_gen2_irq_init)
../leds_eclipse_bsp//libhal_bsp.a(alt_icache_flush.o)
                              ../leds_eclipse_bsp//libhal_bsp.a(alt_icache_flush_all.o) (alt_icache_flush)

Memory Configuration

Name             Origin             Length             Attributes
reset            0x0000000008000000 0x0000000000000020
new_sdram_controller_0 0x0000000008000020 0x0000000007ffffe0
*default*        0x0000000000000000 0xffffffffffffffff

Linker script and memory map

LOAD ../leds_eclipse_bsp//obj/HAL/src/crt0.o
LOAD obj/default/hello_world_small.o
LOAD /usr/local/3rdparty/altera/18.1/nios2eds/bin/gnu/H-x86_64-pc-linux-gnu/bin/../lib/gcc/nios2-elf/5.3.0/../../../../../H-x86_64-pc-linux-gnu/nios2-elf/lib/libstdc++.a
LOAD /usr/local/3rdparty/altera/18.1/nios2eds/bin/gnu/H-x86_64-pc-linux-gnu/bin/../lib/gcc/nios2-elf/5.3.0/../../../../../H-x86_64-pc-linux-gnu/nios2-elf/lib/libm.a
LOAD /usr/local/3rdparty/altera/18.1/nios2eds/bin/gnu/H-x86_64-pc-linux-gnu/bin/../lib/gcc/nios2-elf/5.3.0/libgcc.a
START GROUP
LOAD /usr/local/3rdparty/altera/18.1/nios2eds/bin/gnu/H-x86_64-pc-linux-gnu/bin/../lib/gcc/nios2-elf/5.3.0/../../../../../H-x86_64-pc-linux-gnu/nios2-elf/lib/libsmallc.a
LOAD /usr/local/3rdparty/altera/18.1/nios2eds/bin/gnu/H-x86_64-pc-linux-gnu/bin/../lib/gcc/nios2-elf/5.3.0/libgcc.a
LOAD ../leds_eclipse_bsp//libhal_bsp.a
LOAD /usr/local/3rdparty/altera/18.1/nios2eds/bin/gnu/H-x86_64-pc-linux-gnu/bin/../lib/gcc/nios2-elf/5.3.0/../../../../../H-x86_64-pc-linux-gnu/nios2-elf/lib/libm.a
END GROUP
LOAD /usr/local/3rdparty/altera/18.1/nios2eds/bin/gnu/H-x86_64-pc-linux-gnu/bin/../lib/gcc/nios2-elf/5.3.0/libgcc.a
                0x0000000008000000                __alt_mem_new_sdram_controller_0 = 0x8000000

.entry          0x0000000008000000       0x20
 *(.entry)
 .entry         0x0000000008000000       0x20 ../leds_eclipse_bsp//obj/HAL/src/crt0.o
                0x0000000008000000                __reset
                0x000000000800001c                _exit

.exceptions     0x0000000008000020        0x0
                0x0000000008000020                PROVIDE (__ram_exceptions_start, ABSOLUTE (.))
                0x0000000008000020                . = ALIGN (0x20)
 *(.irq)
 *(.exceptions.entry.label)
 *(.exceptions.entry.user)
 *(.exceptions.entry.ecc_fatal)
 *(.exceptions.entry)
 *(.exceptions.irqtest.user)
 *(.exceptions.irqtest)
 *(.exceptions.irqhandler.user)
 *(.exceptions.irqhandler)
 *(.exceptions.irqreturn.user)
 *(.exceptions.irqreturn)
 *(.exceptions.notirq.label)
 *(.exceptions.notirq.user)
 *(.exceptions.notirq)
 *(.exceptions.soft.user)
 *(.exceptions.soft)
 *(.exceptions.unknown.user)
 *(.exceptions.unknown)
 *(.exceptions.exit.label)
 *(.exceptions.exit.user)
 *(.exceptions.exit)
 *(.exceptions)
                0x0000000008000020                PROVIDE (__ram_exceptions_end, ABSOLUTE (.))
                0x0000000008000020                PROVIDE (__flash_exceptions_start, LOADADDR (.exceptions))

.text           0x0000000008000020     0x3230
                [!provide]                        PROVIDE (stext, ABSOLUTE (.))
 *(.interp)
 *(.hash)
 *(.dynsym)
 *(.dynstr)
 *(.gnu.version)
 *(.gnu.version_d)
 *(.gnu.version_r)
 *(.rel.init)
 *(.rela.init)
 *(.rel.text .rel.text.* .rel.gnu.linkonce.t.*)
 *(.rela.text .rela.text.* .rela.gnu.linkonce.t.*)
 *(.rel.fini)
 *(.rela.fini)
 *(.rel.rodata .rel.rodata.* .rel.gnu.linkonce.r.*)
 *(.rela.rodata .rela.rodata.* .rela.gnu.linkonce.r.*)
 *(.rel.data .rel.data.* .rel.gnu.linkonce.d.*)
 *(.rela.data .rela.data.* .rela.gnu.linkonce.d.*)
 *(.rel.tdata .rel.tdata.* .rel.gnu.linkonce.td.*)
 *(.rela.tdata .rela.tdata.* .rela.gnu.linkonce.td.*)
 *(.rel.tbss .rel.tbss.* .rel.gnu.linkonce.tb.*)
 *(.rela.tbss .rela.tbss.* .rela.gnu.linkonce.tb.*)
 *(.rel.ctors)
 *(.rela.ctors)
 *(.rel.dtors)
 *(.rela.dtors)
 *(.rel.got)
 *(.rela.got)
 *(.rel.sdata .rel.sdata.* .rel.gnu.linkonce.s.*)
 *(.rela.sdata .rela.sdata.* .rela.gnu.linkonce.s.*)
 *(.rel.sbss .rel.sbss.* .rel.gnu.linkonce.sb.*)
 *(.rela.sbss .rela.sbss.* .rela.gnu.linkonce.sb.*)
 *(.rel.sdata2 .rel.sdata2.* .rel.gnu.linkonce.s2.*)
 *(.rela.sdata2 .rela.sdata2.* .rela.gnu.linkonce.s2.*)
 *(.rel.sbss2 .rel.sbss2.* .rel.gnu.linkonce.sb2.*)
 *(.rela.sbss2 .rela.sbss2.* .rela.gnu.linkonce.sb2.*)
 *(.rel.bss .rel.bss.* .rel.gnu.linkonce.b.*)
 *(.rela.bss .rela.bss.* .rela.gnu.linkonce.b.*)
 *(.rel.plt)
 *(.rela.plt)
 *(.rel.dyn)
 *(.init)
 *(.plt)
 *(.text .stub .text.* .gnu.linkonce.t.*)
 .text          0x0000000008000020       0x4c ../leds_eclipse_bsp//obj/HAL/src/crt0.o
                0x0000000008000020                _start
 .text          0x000000000800006c        0x0 obj/default/hello_world_small.o
 .text.startup  0x000000000800006c      0x104 obj/default/hello_world_small.o
                0x000000000800006c                main
 .text          0x0000000008000170       0x9c /usr/local/3rdparty/altera/18.1/nios2eds/bin/gnu/H-x86_64-pc-linux-gnu/bin/../lib/gcc/nios2-elf/5.3.0/libgcc.a(_fixunssfdi.o)
                0x0000000008000170                __fixunssfdi
 .text          0x000000000800020c       0x9c /usr/local/3rdparty/altera/18.1/nios2eds/bin/gnu/H-x86_64-pc-linux-gnu/bin/../lib/gcc/nios2-elf/5.3.0/libgcc.a(_floatundisf.o)
                0x000000000800020c                __floatundisf
 .text          0x00000000080002a8      0x538 /usr/local/3rdparty/altera/18.1/nios2eds/bin/gnu/H-x86_64-pc-linux-gnu/bin/../lib/gcc/nios2-elf/5.3.0/libgcc.a(_umoddi3.o)
                0x00000000080002a8                __umoddi3
 .text          0x00000000080007e0      0x1b4 /usr/local/3rdparty/altera/18.1/nios2eds/bin/gnu/H-x86_64-pc-linux-gnu/bin/../lib/gcc/nios2-elf/5.3.0/libgcc.a(lib2-divmod.o)
                0x00000000080007e0                __divsi3
                0x0000000008000864                __modsi3
                0x00000000080008d8                __udivsi3
                0x000000000800093c                __umodsi3
 .text          0x0000000008000994      0x4c8 /usr/local/3rdparty/altera/18.1/nios2eds/bin/gnu/H-x86_64-pc-linux-gnu/bin/../lib/gcc/nios2-elf/5.3.0/libgcc.a(addsf3.o)
                0x0000000008000994                __addsf3
 .text          0x0000000008000e5c      0x3fc /usr/local/3rdparty/altera/18.1/nios2eds/bin/gnu/H-x86_64-pc-linux-gnu/bin/../lib/gcc/nios2-elf/5.3.0/libgcc.a(mulsf3.o)
                0x0000000008000e5c                __mulsf3
 .text          0x0000000008001258      0x8ac /usr/local/3rdparty/altera/18.1/nios2eds/bin/gnu/H-x86_64-pc-linux-gnu/bin/../lib/gcc/nios2-elf/5.3.0/libgcc.a(adddf3.o)
                0x0000000008001258                __adddf3
 .text          0x0000000008001b04      0x718 /usr/local/3rdparty/altera/18.1/nios2eds/bin/gnu/H-x86_64-pc-linux-gnu/bin/../lib/gcc/nios2-elf/5.3.0/libgcc.a(muldf3.o)
                0x0000000008001b04                __muldf3
 .text          0x000000000800221c      0x8fc /usr/local/3rdparty/altera/18.1/nios2eds/bin/gnu/H-x86_64-pc-linux-gnu/bin/../lib/gcc/nios2-elf/5.3.0/libgcc.a(subdf3.o)
                0x000000000800221c                __subdf3
 .text          0x0000000008002b18       0xa8 /usr/local/3rdparty/altera/18.1/nios2eds/bin/gnu/H-x86_64-pc-linux-gnu/bin/../lib/gcc/nios2-elf/5.3.0/libgcc.a(floatunsidf.o)
                0x0000000008002b18                __floatunsidf
 .text          0x0000000008002bc0      0x110 /usr/local/3rdparty/altera/18.1/nios2eds/bin/gnu/H-x86_64-pc-linux-gnu/bin/../lib/gcc/nios2-elf/5.3.0/libgcc.a(extendsfdf2.o)
                0x0000000008002bc0                __extendsfdf2
 .text          0x0000000008002cd0      0x1a8 /usr/local/3rdparty/altera/18.1/nios2eds/bin/gnu/H-x86_64-pc-linux-gnu/bin/../lib/gcc/nios2-elf/5.3.0/libgcc.a(truncdfsf2.o)
                0x0000000008002cd0                __truncdfsf2
 .text          0x0000000008002e78        0x0 /usr/local/3rdparty/altera/18.1/nios2eds/bin/gnu/H-x86_64-pc-linux-gnu/bin/../lib/gcc/nios2-elf/5.3.0/libgcc.a(_clz.o)
 .text          0x0000000008002e78       0x64 /usr/local/3rdparty/altera/18.1/nios2eds/bin/gnu/H-x86_64-pc-linux-gnu/bin/../lib/gcc/nios2-elf/5.3.0/libgcc.a(_clzsi2.o)
                0x0000000008002e78                __clzsi2
 .text          0x0000000008002edc       0x74 /usr/local/3rdparty/altera/18.1/nios2eds/bin/gnu/H-x86_64-pc-linux-gnu/bin/../lib/gcc/nios2-elf/5.3.0/libgcc.a(_fixunsdfsi.o)
                0x0000000008002edc                __fixunsdfsi
 .text          0x0000000008002f50       0xdc /usr/local/3rdparty/altera/18.1/nios2eds/bin/gnu/H-x86_64-pc-linux-gnu/bin/../lib/gcc/nios2-elf/5.3.0/libgcc.a(gedf2.o)
                0x0000000008002f50                __gtdf2
                0x0000000008002f50                __gedf2
 .text          0x000000000800302c       0x80 /usr/local/3rdparty/altera/18.1/nios2eds/bin/gnu/H-x86_64-pc-linux-gnu/bin/../lib/gcc/nios2-elf/5.3.0/libgcc.a(fixdfsi.o)
                0x000000000800302c                __fixdfsi
 .text          0x00000000080030ac       0xe0 ../leds_eclipse_bsp//libhal_bsp.a(alt_load.o)
                0x00000000080030ac                alt_load
 .text          0x000000000800318c       0x2c ../leds_eclipse_bsp//libhal_bsp.a(alt_main.o)
                0x000000000800318c                alt_main
 .text          0x00000000080031b8       0x34 ../leds_eclipse_bsp//libhal_bsp.a(alt_sys_init.o)
                0x00000000080031b8                alt_irq_init
                0x00000000080031d8                alt_sys_init
 .text          0x00000000080031ec       0x18 ../leds_eclipse_bsp//libhal_bsp.a(alt_dcache_flush_all.o)
                0x00000000080031ec                alt_dcache_flush_all
 .text          0x0000000008003204        0xc ../leds_eclipse_bsp//libhal_bsp.a(alt_icache_flush_all.o)
                0x0000000008003204                alt_icache_flush_all
 .text          0x0000000008003210        0x8 ../leds_eclipse_bsp//libhal_bsp.a(altera_nios2_gen2_irq.o)
                0x0000000008003210                altera_nios2_gen2_irq_init
 .text          0x0000000008003218       0x38 ../leds_eclipse_bsp//libhal_bsp.a(alt_icache_flush.o)
                0x0000000008003218                alt_icache_flush
 *(.gnu.warning.*)
 *(.fini)
                [!provide]                        PROVIDE (__etext, ABSOLUTE (.))
                [!provide]                        PROVIDE (_etext, ABSOLUTE (.))
                [!provide]                        PROVIDE (etext, ABSOLUTE (.))
 *(.eh_frame_hdr)
                0x0000000008003250                . = ALIGN (0x4)
                [!provide]                        PROVIDE (__preinit_array_start, ABSOLUTE (.))
 *(.preinit_array)
                [!provide]                        PROVIDE (__preinit_array_end, ABSOLUTE (.))
                [!provide]                        PROVIDE (__init_array_start, ABSOLUTE (.))
 *(.init_array)
                [!provide]                        PROVIDE (__init_array_end, ABSOLUTE (.))
                [!provide]                        PROVIDE (__fini_array_start, ABSOLUTE (.))
 *(.fini_array)
                [!provide]                        PROVIDE (__fini_array_end, ABSOLUTE (.))
 *(.eh_frame)
 *(.gcc_except_table .gcc_except_table.*)
 *(.dynamic)
                [!provide]                        PROVIDE (__CTOR_LIST__, ABSOLUTE (.))
 *(.ctors)
 *(SORT(.ctors.*))
                [!provide]                        PROVIDE (__CTOR_END__, ABSOLUTE (.))
                [!provide]                        PROVIDE (__DTOR_LIST__, ABSOLUTE (.))
 *(.dtors)
 *(SORT(.dtors.*))
                [!provide]                        PROVIDE (__DTOR_END__, ABSOLUTE (.))
 *(.jcr)
                0x0000000008003250                . = ALIGN (0x4)

.rodata         0x0000000008003250      0x100
                0x0000000008003250                PROVIDE (__ram_rodata_start, ABSOLUTE (.))
                0x0000000008003250                . = ALIGN (0x4)
 *(.rodata .rodata.* .gnu.linkonce.r.*)
 .rodata        0x0000000008003250      0x100 /usr/local/3rdparty/altera/18.1/nios2eds/bin/gnu/H-x86_64-pc-linux-gnu/bin/../lib/gcc/nios2-elf/5.3.0/libgcc.a(_clz.o)
                0x0000000008003250                __clz_tab
 *(.rodata1)
                0x0000000008003350                . = ALIGN (0x4)
                0x0000000008003350                PROVIDE (__ram_rodata_end, ABSOLUTE (.))
                0x0000000008003250                PROVIDE (__flash_rodata_start, LOADADDR (.rodata))

.rwdata         0x0000000008003350        0x4 load address 0x0000000008003354
                0x0000000008003350                PROVIDE (__ram_rwdata_start, ABSOLUTE (.))
                0x0000000008003350                . = ALIGN (0x4)
 *(.got.plt)
 *(.got)
 *(.data1)
 *(.data .data.* .gnu.linkonce.d.*)
 .data          0x0000000008003350        0x0 ../leds_eclipse_bsp//obj/HAL/src/crt0.o
 .data          0x0000000008003350        0x0 obj/default/hello_world_small.o
 .data          0x0000000008003350        0x0 /usr/local/3rdparty/altera/18.1/nios2eds/bin/gnu/H-x86_64-pc-linux-gnu/bin/../lib/gcc/nios2-elf/5.3.0/libgcc.a(_fixunssfdi.o)
 .data          0x0000000008003350        0x0 /usr/local/3rdparty/altera/18.1/nios2eds/bin/gnu/H-x86_64-pc-linux-gnu/bin/../lib/gcc/nios2-elf/5.3.0/libgcc.a(_floatundisf.o)
 .data          0x0000000008003350        0x0 /usr/local/3rdparty/altera/18.1/nios2eds/bin/gnu/H-x86_64-pc-linux-gnu/bin/../lib/gcc/nios2-elf/5.3.0/libgcc.a(_umoddi3.o)
 .data          0x0000000008003350        0x0 /usr/local/3rdparty/altera/18.1/nios2eds/bin/gnu/H-x86_64-pc-linux-gnu/bin/../lib/gcc/nios2-elf/5.3.0/libgcc.a(lib2-divmod.o)
 .data          0x0000000008003350        0x0 /usr/local/3rdparty/altera/18.1/nios2eds/bin/gnu/H-x86_64-pc-linux-gnu/bin/../lib/gcc/nios2-elf/5.3.0/libgcc.a(addsf3.o)
 .data          0x0000000008003350        0x0 /usr/local/3rdparty/altera/18.1/nios2eds/bin/gnu/H-x86_64-pc-linux-gnu/bin/../lib/gcc/nios2-elf/5.3.0/libgcc.a(mulsf3.o)
 .data          0x0000000008003350        0x0 /usr/local/3rdparty/altera/18.1/nios2eds/bin/gnu/H-x86_64-pc-linux-gnu/bin/../lib/gcc/nios2-elf/5.3.0/libgcc.a(adddf3.o)
 .data          0x0000000008003350        0x0 /usr/local/3rdparty/altera/18.1/nios2eds/bin/gnu/H-x86_64-pc-linux-gnu/bin/../lib/gcc/nios2-elf/5.3.0/libgcc.a(muldf3.o)
 .data          0x0000000008003350        0x0 /usr/local/3rdparty/altera/18.1/nios2eds/bin/gnu/H-x86_64-pc-linux-gnu/bin/../lib/gcc/nios2-elf/5.3.0/libgcc.a(subdf3.o)
 .data          0x0000000008003350        0x0 /usr/local/3rdparty/altera/18.1/nios2eds/bin/gnu/H-x86_64-pc-linux-gnu/bin/../lib/gcc/nios2-elf/5.3.0/libgcc.a(floatunsidf.o)
 .data          0x0000000008003350        0x0 /usr/local/3rdparty/altera/18.1/nios2eds/bin/gnu/H-x86_64-pc-linux-gnu/bin/../lib/gcc/nios2-elf/5.3.0/libgcc.a(extendsfdf2.o)
 .data          0x0000000008003350        0x0 /usr/local/3rdparty/altera/18.1/nios2eds/bin/gnu/H-x86_64-pc-linux-gnu/bin/../lib/gcc/nios2-elf/5.3.0/libgcc.a(truncdfsf2.o)
 .data          0x0000000008003350        0x0 /usr/local/3rdparty/altera/18.1/nios2eds/bin/gnu/H-x86_64-pc-linux-gnu/bin/../lib/gcc/nios2-elf/5.3.0/libgcc.a(_clz.o)
 .data          0x0000000008003350        0x0 /usr/local/3rdparty/altera/18.1/nios2eds/bin/gnu/H-x86_64-pc-linux-gnu/bin/../lib/gcc/nios2-elf/5.3.0/libgcc.a(_clzsi2.o)
 .data          0x0000000008003350        0x0 /usr/local/3rdparty/altera/18.1/nios2eds/bin/gnu/H-x86_64-pc-linux-gnu/bin/../lib/gcc/nios2-elf/5.3.0/libgcc.a(_fixunsdfsi.o)
 .data          0x0000000008003350        0x0 /usr/local/3rdparty/altera/18.1/nios2eds/bin/gnu/H-x86_64-pc-linux-gnu/bin/../lib/gcc/nios2-elf/5.3.0/libgcc.a(gedf2.o)
 .data          0x0000000008003350        0x0 /usr/local/3rdparty/altera/18.1/nios2eds/bin/gnu/H-x86_64-pc-linux-gnu/bin/../lib/gcc/nios2-elf/5.3.0/libgcc.a(fixdfsi.o)
 .data          0x0000000008003350        0x0 ../leds_eclipse_bsp//libhal_bsp.a(alt_load.o)
 .data          0x0000000008003350        0x0 ../leds_eclipse_bsp//libhal_bsp.a(alt_main.o)
 .data          0x0000000008003350        0x0 ../leds_eclipse_bsp//libhal_bsp.a(alt_sys_init.o)
 .data          0x0000000008003350        0x0 ../leds_eclipse_bsp//libhal_bsp.a(alt_dcache_flush_all.o)
 .data          0x0000000008003350        0x0 ../leds_eclipse_bsp//libhal_bsp.a(alt_icache_flush_all.o)
 .data          0x0000000008003350        0x0 ../leds_eclipse_bsp//libhal_bsp.a(altera_nios2_gen2_irq.o)
 .data          0x0000000008003350        0x0 ../leds_eclipse_bsp//libhal_bsp.a(alt_icache_flush.o)
                0x000000000800b350                _gp = ABSOLUTE ((. + 0x8000))
                [!provide]                        PROVIDE (gp, _gp)
 *(.rwdata .rwdata.*)
 *(.sdata .sdata.* .gnu.linkonce.s.*)
 .sdata         0x0000000008003350        0x4 ../leds_eclipse_bsp//libhal_bsp.a(alt_sys_init.o)
                0x0000000008003350                jtag_uart_0
 *(.sdata2 .sdata2.* .gnu.linkonce.s2.*)
                0x0000000008003354                . = ALIGN (0x4)
                0x0000000008003354                _edata = ABSOLUTE (.)
                [!provide]                        PROVIDE (edata, ABSOLUTE (.))
                0x0000000008003354                PROVIDE (__ram_rwdata_end, ABSOLUTE (.))
                0x0000000008003354                PROVIDE (__flash_rwdata_start, LOADADDR (.rwdata))

.bss            0x0000000008003358        0xc
                0x0000000008003358                __bss_start = ABSOLUTE (.)
                [!provide]                        PROVIDE (__sbss_start, ABSOLUTE (.))
                [!provide]                        PROVIDE (___sbss_start, ABSOLUTE (.))
 *(.dynsbss)
 *(.sbss .sbss.* .gnu.linkonce.sb.*)
 .sbss          0x0000000008003358        0xc ../leds_eclipse_bsp//libhal_bsp.a(alt_main.o)
                0x0000000008003358                alt_envp
                0x000000000800335c                alt_argv
                0x0000000008003360                alt_argc
 *(.sbss2 .sbss2.* .gnu.linkonce.sb2.*)
 *(.scommon)
                [!provide]                        PROVIDE (__sbss_end, ABSOLUTE (.))
                [!provide]                        PROVIDE (___sbss_end, ABSOLUTE (.))
 *(.dynbss)
 *(.bss .bss.* .gnu.linkonce.b.*)
 .bss           0x0000000008003364        0x0 ../leds_eclipse_bsp//obj/HAL/src/crt0.o
 .bss           0x0000000008003364        0x0 obj/default/hello_world_small.o
 .bss           0x0000000008003364        0x0 /usr/local/3rdparty/altera/18.1/nios2eds/bin/gnu/H-x86_64-pc-linux-gnu/bin/../lib/gcc/nios2-elf/5.3.0/libgcc.a(_fixunssfdi.o)
 .bss           0x0000000008003364        0x0 /usr/local/3rdparty/altera/18.1/nios2eds/bin/gnu/H-x86_64-pc-linux-gnu/bin/../lib/gcc/nios2-elf/5.3.0/libgcc.a(_floatundisf.o)
 .bss           0x0000000008003364        0x0 /usr/local/3rdparty/altera/18.1/nios2eds/bin/gnu/H-x86_64-pc-linux-gnu/bin/../lib/gcc/nios2-elf/5.3.0/libgcc.a(_umoddi3.o)
 .bss           0x0000000008003364        0x0 /usr/local/3rdparty/altera/18.1/nios2eds/bin/gnu/H-x86_64-pc-linux-gnu/bin/../lib/gcc/nios2-elf/5.3.0/libgcc.a(lib2-divmod.o)
 .bss           0x0000000008003364        0x0 /usr/local/3rdparty/altera/18.1/nios2eds/bin/gnu/H-x86_64-pc-linux-gnu/bin/../lib/gcc/nios2-elf/5.3.0/libgcc.a(addsf3.o)
 .bss           0x0000000008003364        0x0 /usr/local/3rdparty/altera/18.1/nios2eds/bin/gnu/H-x86_64-pc-linux-gnu/bin/../lib/gcc/nios2-elf/5.3.0/libgcc.a(mulsf3.o)
 .bss           0x0000000008003364        0x0 /usr/local/3rdparty/altera/18.1/nios2eds/bin/gnu/H-x86_64-pc-linux-gnu/bin/../lib/gcc/nios2-elf/5.3.0/libgcc.a(adddf3.o)
 .bss           0x0000000008003364        0x0 /usr/local/3rdparty/altera/18.1/nios2eds/bin/gnu/H-x86_64-pc-linux-gnu/bin/../lib/gcc/nios2-elf/5.3.0/libgcc.a(muldf3.o)
 .bss           0x0000000008003364        0x0 /usr/local/3rdparty/altera/18.1/nios2eds/bin/gnu/H-x86_64-pc-linux-gnu/bin/../lib/gcc/nios2-elf/5.3.0/libgcc.a(subdf3.o)
 .bss           0x0000000008003364        0x0 /usr/local/3rdparty/altera/18.1/nios2eds/bin/gnu/H-x86_64-pc-linux-gnu/bin/../lib/gcc/nios2-elf/5.3.0/libgcc.a(floatunsidf.o)
 .bss           0x0000000008003364        0x0 /usr/local/3rdparty/altera/18.1/nios2eds/bin/gnu/H-x86_64-pc-linux-gnu/bin/../lib/gcc/nios2-elf/5.3.0/libgcc.a(extendsfdf2.o)
 .bss           0x0000000008003364        0x0 /usr/local/3rdparty/altera/18.1/nios2eds/bin/gnu/H-x86_64-pc-linux-gnu/bin/../lib/gcc/nios2-elf/5.3.0/libgcc.a(truncdfsf2.o)
 .bss           0x0000000008003364        0x0 /usr/local/3rdparty/altera/18.1/nios2eds/bin/gnu/H-x86_64-pc-linux-gnu/bin/../lib/gcc/nios2-elf/5.3.0/libgcc.a(_clz.o)
 .bss           0x0000000008003364        0x0 /usr/local/3rdparty/altera/18.1/nios2eds/bin/gnu/H-x86_64-pc-linux-gnu/bin/../lib/gcc/nios2-elf/5.3.0/libgcc.a(_clzsi2.o)
 .bss           0x0000000008003364        0x0 /usr/local/3rdparty/altera/18.1/nios2eds/bin/gnu/H-x86_64-pc-linux-gnu/bin/../lib/gcc/nios2-elf/5.3.0/libgcc.a(_fixunsdfsi.o)
 .bss           0x0000000008003364        0x0 /usr/local/3rdparty/altera/18.1/nios2eds/bin/gnu/H-x86_64-pc-linux-gnu/bin/../lib/gcc/nios2-elf/5.3.0/libgcc.a(gedf2.o)
 .bss           0x0000000008003364        0x0 /usr/local/3rdparty/altera/18.1/nios2eds/bin/gnu/H-x86_64-pc-linux-gnu/bin/../lib/gcc/nios2-elf/5.3.0/libgcc.a(fixdfsi.o)
 .bss           0x0000000008003364        0x0 ../leds_eclipse_bsp//libhal_bsp.a(alt_load.o)
 .bss           0x0000000008003364        0x0 ../leds_eclipse_bsp//libhal_bsp.a(alt_main.o)
 .bss           0x0000000008003364        0x0 ../leds_eclipse_bsp//libhal_bsp.a(alt_sys_init.o)
 .bss           0x0000000008003364        0x0 ../leds_eclipse_bsp//libhal_bsp.a(alt_dcache_flush_all.o)
 .bss           0x0000000008003364        0x0 ../leds_eclipse_bsp//libhal_bsp.a(alt_icache_flush_all.o)
 .bss           0x0000000008003364        0x0 ../leds_eclipse_bsp//libhal_bsp.a(altera_nios2_gen2_irq.o)
 .bss           0x0000000008003364        0x0 ../leds_eclipse_bsp//libhal_bsp.a(alt_icache_flush.o)
 *(COMMON)
                0x0000000008003364                . = ALIGN (0x4)
                0x0000000008003364                __bss_end = ABSOLUTE (.)

.new_sdram_controller_0
                0x0000000008003364        0x0
                [!provide]                        PROVIDE (_alt_partition_new_sdram_controller_0_start, ABSOLUTE (.))
 *(.new_sdram_controller_0 .new_sdram_controller_0. new_sdram_controller_0.*)
                0x0000000008003364                . = ALIGN (0x4)
                [!provide]                        PROVIDE (_alt_partition_new_sdram_controller_0_end, ABSOLUTE (.))
                0x0000000008003364                _end = ABSOLUTE (.)
                0x0000000008003364                end = ABSOLUTE (.)
                0x0000000008003364                __alt_stack_base = ABSOLUTE (.)
                [!provide]                        PROVIDE (_alt_partition_new_sdram_controller_0_load_addr, LOADADDR (.new_sdram_controller_0))

.stab
 *(.stab)

.stabstr
 *(.stabstr)

.stab.excl
 *(.stab.excl)

.stab.exclstr
 *(.stab.exclstr)

.stab.index
 *(.stab.index)

.stab.indexstr
 *(.stab.indexstr)

.comment        0x0000000000000000       0x23
 *(.comment)
 .comment       0x0000000000000000       0x23 obj/default/hello_world_small.o
                                         0x24 (size before relaxing)
 .comment       0x0000000000000023       0x24 /usr/local/3rdparty/altera/18.1/nios2eds/bin/gnu/H-x86_64-pc-linux-gnu/bin/../lib/gcc/nios2-elf/5.3.0/libgcc.a(_fixunssfdi.o)
 .comment       0x0000000000000023       0x24 /usr/local/3rdparty/altera/18.1/nios2eds/bin/gnu/H-x86_64-pc-linux-gnu/bin/../lib/gcc/nios2-elf/5.3.0/libgcc.a(_floatundisf.o)
 .comment       0x0000000000000023       0x24 /usr/local/3rdparty/altera/18.1/nios2eds/bin/gnu/H-x86_64-pc-linux-gnu/bin/../lib/gcc/nios2-elf/5.3.0/libgcc.a(_umoddi3.o)
 .comment       0x0000000000000023       0x24 /usr/local/3rdparty/altera/18.1/nios2eds/bin/gnu/H-x86_64-pc-linux-gnu/bin/../lib/gcc/nios2-elf/5.3.0/libgcc.a(lib2-divmod.o)
 .comment       0x0000000000000023       0x24 /usr/local/3rdparty/altera/18.1/nios2eds/bin/gnu/H-x86_64-pc-linux-gnu/bin/../lib/gcc/nios2-elf/5.3.0/libgcc.a(addsf3.o)
 .comment       0x0000000000000023       0x24 /usr/local/3rdparty/altera/18.1/nios2eds/bin/gnu/H-x86_64-pc-linux-gnu/bin/../lib/gcc/nios2-elf/5.3.0/libgcc.a(mulsf3.o)
 .comment       0x0000000000000023       0x24 /usr/local/3rdparty/altera/18.1/nios2eds/bin/gnu/H-x86_64-pc-linux-gnu/bin/../lib/gcc/nios2-elf/5.3.0/libgcc.a(adddf3.o)
 .comment       0x0000000000000023       0x24 /usr/local/3rdparty/altera/18.1/nios2eds/bin/gnu/H-x86_64-pc-linux-gnu/bin/../lib/gcc/nios2-elf/5.3.0/libgcc.a(muldf3.o)
 .comment       0x0000000000000023       0x24 /usr/local/3rdparty/altera/18.1/nios2eds/bin/gnu/H-x86_64-pc-linux-gnu/bin/../lib/gcc/nios2-elf/5.3.0/libgcc.a(subdf3.o)
 .comment       0x0000000000000023       0x24 /usr/local/3rdparty/altera/18.1/nios2eds/bin/gnu/H-x86_64-pc-linux-gnu/bin/../lib/gcc/nios2-elf/5.3.0/libgcc.a(floatunsidf.o)
 .comment       0x0000000000000023       0x24 /usr/local/3rdparty/altera/18.1/nios2eds/bin/gnu/H-x86_64-pc-linux-gnu/bin/../lib/gcc/nios2-elf/5.3.0/libgcc.a(extendsfdf2.o)
 .comment       0x0000000000000023       0x24 /usr/local/3rdparty/altera/18.1/nios2eds/bin/gnu/H-x86_64-pc-linux-gnu/bin/../lib/gcc/nios2-elf/5.3.0/libgcc.a(truncdfsf2.o)
 .comment       0x0000000000000023       0x24 /usr/local/3rdparty/altera/18.1/nios2eds/bin/gnu/H-x86_64-pc-linux-gnu/bin/../lib/gcc/nios2-elf/5.3.0/libgcc.a(_clz.o)
 .comment       0x0000000000000023       0x24 /usr/local/3rdparty/altera/18.1/nios2eds/bin/gnu/H-x86_64-pc-linux-gnu/bin/../lib/gcc/nios2-elf/5.3.0/libgcc.a(_clzsi2.o)
 .comment       0x0000000000000023       0x24 /usr/local/3rdparty/altera/18.1/nios2eds/bin/gnu/H-x86_64-pc-linux-gnu/bin/../lib/gcc/nios2-elf/5.3.0/libgcc.a(_fixunsdfsi.o)
 .comment       0x0000000000000023       0x24 /usr/local/3rdparty/altera/18.1/nios2eds/bin/gnu/H-x86_64-pc-linux-gnu/bin/../lib/gcc/nios2-elf/5.3.0/libgcc.a(gedf2.o)
 .comment       0x0000000000000023       0x24 /usr/local/3rdparty/altera/18.1/nios2eds/bin/gnu/H-x86_64-pc-linux-gnu/bin/../lib/gcc/nios2-elf/5.3.0/libgcc.a(fixdfsi.o)
 .comment       0x0000000000000023       0x24 ../leds_eclipse_bsp//libhal_bsp.a(alt_load.o)
 .comment       0x0000000000000023       0x24 ../leds_eclipse_bsp//libhal_bsp.a(alt_main.o)
 .comment       0x0000000000000023       0x24 ../leds_eclipse_bsp//libhal_bsp.a(alt_sys_init.o)
 .comment       0x0000000000000023       0x24 ../leds_eclipse_bsp//libhal_bsp.a(alt_dcache_flush_all.o)
 .comment       0x0000000000000023       0x24 ../leds_eclipse_bsp//libhal_bsp.a(alt_icache_flush_all.o)
 .comment       0x0000000000000023       0x24 ../leds_eclipse_bsp//libhal_bsp.a(altera_nios2_gen2_irq.o)
 .comment       0x0000000000000023       0x24 ../leds_eclipse_bsp//libhal_bsp.a(alt_icache_flush.o)

.debug
 *(.debug)

.line
 *(.line)

.debug_srcinfo
 *(.debug_srcinfo)

.debug_sfnames
 *(.debug_sfnames)

.debug_aranges  0x0000000000000000      0x340
 *(.debug_aranges)
 .debug_aranges
                0x0000000000000000       0x28 ../leds_eclipse_bsp//obj/HAL/src/crt0.o
 .debug_aranges
                0x0000000000000028       0x20 obj/default/hello_world_small.o
 .debug_aranges
                0x0000000000000048       0x20 /usr/local/3rdparty/altera/18.1/nios2eds/bin/gnu/H-x86_64-pc-linux-gnu/bin/../lib/gcc/nios2-elf/5.3.0/libgcc.a(_fixunssfdi.o)
 .debug_aranges
                0x0000000000000068       0x20 /usr/local/3rdparty/altera/18.1/nios2eds/bin/gnu/H-x86_64-pc-linux-gnu/bin/../lib/gcc/nios2-elf/5.3.0/libgcc.a(_floatundisf.o)
 .debug_aranges
                0x0000000000000088       0x20 /usr/local/3rdparty/altera/18.1/nios2eds/bin/gnu/H-x86_64-pc-linux-gnu/bin/../lib/gcc/nios2-elf/5.3.0/libgcc.a(_umoddi3.o)
 .debug_aranges
                0x00000000000000a8       0x20 /usr/local/3rdparty/altera/18.1/nios2eds/bin/gnu/H-x86_64-pc-linux-gnu/bin/../lib/gcc/nios2-elf/5.3.0/libgcc.a(lib2-divmod.o)
 .debug_aranges
                0x00000000000000c8       0x20 /usr/local/3rdparty/altera/18.1/nios2eds/bin/gnu/H-x86_64-pc-linux-gnu/bin/../lib/gcc/nios2-elf/5.3.0/libgcc.a(addsf3.o)
 .debug_aranges
                0x00000000000000e8       0x20 /usr/local/3rdparty/altera/18.1/nios2eds/bin/gnu/H-x86_64-pc-linux-gnu/bin/../lib/gcc/nios2-elf/5.3.0/libgcc.a(mulsf3.o)
 .debug_aranges
                0x0000000000000108       0x20 /usr/local/3rdparty/altera/18.1/nios2eds/bin/gnu/H-x86_64-pc-linux-gnu/bin/../lib/gcc/nios2-elf/5.3.0/libgcc.a(adddf3.o)
 .debug_aranges
                0x0000000000000128       0x20 /usr/local/3rdparty/altera/18.1/nios2eds/bin/gnu/H-x86_64-pc-linux-gnu/bin/../lib/gcc/nios2-elf/5.3.0/libgcc.a(muldf3.o)
 .debug_aranges
                0x0000000000000148       0x20 /usr/local/3rdparty/altera/18.1/nios2eds/bin/gnu/H-x86_64-pc-linux-gnu/bin/../lib/gcc/nios2-elf/5.3.0/libgcc.a(subdf3.o)
 .debug_aranges
                0x0000000000000168       0x20 /usr/local/3rdparty/altera/18.1/nios2eds/bin/gnu/H-x86_64-pc-linux-gnu/bin/../lib/gcc/nios2-elf/5.3.0/libgcc.a(floatunsidf.o)
 .debug_aranges
                0x0000000000000188       0x20 /usr/local/3rdparty/altera/18.1/nios2eds/bin/gnu/H-x86_64-pc-linux-gnu/bin/../lib/gcc/nios2-elf/5.3.0/libgcc.a(extendsfdf2.o)
 .debug_aranges
                0x00000000000001a8       0x20 /usr/local/3rdparty/altera/18.1/nios2eds/bin/gnu/H-x86_64-pc-linux-gnu/bin/../lib/gcc/nios2-elf/5.3.0/libgcc.a(truncdfsf2.o)
 .debug_aranges
                0x00000000000001c8       0x18 /usr/local/3rdparty/altera/18.1/nios2eds/bin/gnu/H-x86_64-pc-linux-gnu/bin/../lib/gcc/nios2-elf/5.3.0/libgcc.a(_clz.o)
 .debug_aranges
                0x00000000000001e0       0x20 /usr/local/3rdparty/altera/18.1/nios2eds/bin/gnu/H-x86_64-pc-linux-gnu/bin/../lib/gcc/nios2-elf/5.3.0/libgcc.a(_clzsi2.o)
 .debug_aranges
                0x0000000000000200       0x20 /usr/local/3rdparty/altera/18.1/nios2eds/bin/gnu/H-x86_64-pc-linux-gnu/bin/../lib/gcc/nios2-elf/5.3.0/libgcc.a(_fixunsdfsi.o)
 .debug_aranges
                0x0000000000000220       0x20 /usr/local/3rdparty/altera/18.1/nios2eds/bin/gnu/H-x86_64-pc-linux-gnu/bin/../lib/gcc/nios2-elf/5.3.0/libgcc.a(gedf2.o)
 .debug_aranges
                0x0000000000000240       0x20 /usr/local/3rdparty/altera/18.1/nios2eds/bin/gnu/H-x86_64-pc-linux-gnu/bin/../lib/gcc/nios2-elf/5.3.0/libgcc.a(fixdfsi.o)
 .debug_aranges
                0x0000000000000260       0x20 ../leds_eclipse_bsp//libhal_bsp.a(alt_load.o)
 .debug_aranges
                0x0000000000000280       0x20 ../leds_eclipse_bsp//libhal_bsp.a(alt_main.o)
 .debug_aranges
                0x00000000000002a0       0x20 ../leds_eclipse_bsp//libhal_bsp.a(alt_sys_init.o)
 .debug_aranges
                0x00000000000002c0       0x20 ../leds_eclipse_bsp//libhal_bsp.a(alt_dcache_flush_all.o)
 .debug_aranges
                0x00000000000002e0       0x20 ../leds_eclipse_bsp//libhal_bsp.a(alt_icache_flush_all.o)
 .debug_aranges
                0x0000000000000300       0x20 ../leds_eclipse_bsp//libhal_bsp.a(altera_nios2_gen2_irq.o)
 .debug_aranges
                0x0000000000000320       0x20 ../leds_eclipse_bsp//libhal_bsp.a(alt_icache_flush.o)

.debug_pubnames
 *(.debug_pubnames)

.debug_info     0x0000000000000000     0x3766
 *(.debug_info .gnu.linkonce.wi.*)
 .debug_info    0x0000000000000000       0x66 ../leds_eclipse_bsp//obj/HAL/src/crt0.o
 .debug_info    0x0000000000000066      0x1c1 obj/default/hello_world_small.o
 .debug_info    0x0000000000000227      0x10a /usr/local/3rdparty/altera/18.1/nios2eds/bin/gnu/H-x86_64-pc-linux-gnu/bin/../lib/gcc/nios2-elf/5.3.0/libgcc.a(_fixunssfdi.o)
 .debug_info    0x0000000000000331       0xe0 /usr/local/3rdparty/altera/18.1/nios2eds/bin/gnu/H-x86_64-pc-linux-gnu/bin/../lib/gcc/nios2-elf/5.3.0/libgcc.a(_floatundisf.o)
 .debug_info    0x0000000000000411      0x765 /usr/local/3rdparty/altera/18.1/nios2eds/bin/gnu/H-x86_64-pc-linux-gnu/bin/../lib/gcc/nios2-elf/5.3.0/libgcc.a(_umoddi3.o)
 .debug_info    0x0000000000000b76      0x2c6 /usr/local/3rdparty/altera/18.1/nios2eds/bin/gnu/H-x86_64-pc-linux-gnu/bin/../lib/gcc/nios2-elf/5.3.0/libgcc.a(lib2-divmod.o)
 .debug_info    0x0000000000000e3c      0x2b7 /usr/local/3rdparty/altera/18.1/nios2eds/bin/gnu/H-x86_64-pc-linux-gnu/bin/../lib/gcc/nios2-elf/5.3.0/libgcc.a(addsf3.o)
 .debug_info    0x00000000000010f3      0x31d /usr/local/3rdparty/altera/18.1/nios2eds/bin/gnu/H-x86_64-pc-linux-gnu/bin/../lib/gcc/nios2-elf/5.3.0/libgcc.a(mulsf3.o)
 .debug_info    0x0000000000001410      0x4a2 /usr/local/3rdparty/altera/18.1/nios2eds/bin/gnu/H-x86_64-pc-linux-gnu/bin/../lib/gcc/nios2-elf/5.3.0/libgcc.a(adddf3.o)
 .debug_info    0x00000000000018b2      0x5f5 /usr/local/3rdparty/altera/18.1/nios2eds/bin/gnu/H-x86_64-pc-linux-gnu/bin/../lib/gcc/nios2-elf/5.3.0/libgcc.a(muldf3.o)
 .debug_info    0x0000000000001ea7      0x4a2 /usr/local/3rdparty/altera/18.1/nios2eds/bin/gnu/H-x86_64-pc-linux-gnu/bin/../lib/gcc/nios2-elf/5.3.0/libgcc.a(subdf3.o)
 .debug_info    0x0000000000002349      0x1b0 /usr/local/3rdparty/altera/18.1/nios2eds/bin/gnu/H-x86_64-pc-linux-gnu/bin/../lib/gcc/nios2-elf/5.3.0/libgcc.a(floatunsidf.o)
 .debug_info    0x00000000000024f9      0x248 /usr/local/3rdparty/altera/18.1/nios2eds/bin/gnu/H-x86_64-pc-linux-gnu/bin/../lib/gcc/nios2-elf/5.3.0/libgcc.a(extendsfdf2.o)
 .debug_info    0x0000000000002741      0x248 /usr/local/3rdparty/altera/18.1/nios2eds/bin/gnu/H-x86_64-pc-linux-gnu/bin/../lib/gcc/nios2-elf/5.3.0/libgcc.a(truncdfsf2.o)
 .debug_info    0x0000000000002989       0xb2 /usr/local/3rdparty/altera/18.1/nios2eds/bin/gnu/H-x86_64-pc-linux-gnu/bin/../lib/gcc/nios2-elf/5.3.0/libgcc.a(_clz.o)
 .debug_info    0x0000000000002a3b      0x124 /usr/local/3rdparty/altera/18.1/nios2eds/bin/gnu/H-x86_64-pc-linux-gnu/bin/../lib/gcc/nios2-elf/5.3.0/libgcc.a(_clzsi2.o)
 .debug_info    0x0000000000002b5f       0xc7 /usr/local/3rdparty/altera/18.1/nios2eds/bin/gnu/H-x86_64-pc-linux-gnu/bin/../lib/gcc/nios2-elf/5.3.0/libgcc.a(_fixunsdfsi.o)
 .debug_info    0x0000000000002c26      0x202 /usr/local/3rdparty/altera/18.1/nios2eds/bin/gnu/H-x86_64-pc-linux-gnu/bin/../lib/gcc/nios2-elf/5.3.0/libgcc.a(gedf2.o)
 .debug_info    0x0000000000002e28      0x1ae /usr/local/3rdparty/altera/18.1/nios2eds/bin/gnu/H-x86_64-pc-linux-gnu/bin/../lib/gcc/nios2-elf/5.3.0/libgcc.a(fixdfsi.o)
 .debug_info    0x0000000000002fd6      0x1c9 ../leds_eclipse_bsp//libhal_bsp.a(alt_load.o)
 .debug_info    0x000000000000319f      0x169 ../leds_eclipse_bsp//libhal_bsp.a(alt_main.o)
 .debug_info    0x0000000000003308      0x190 ../leds_eclipse_bsp//libhal_bsp.a(alt_sys_init.o)
 .debug_info    0x0000000000003498       0xa6 ../leds_eclipse_bsp//libhal_bsp.a(alt_dcache_flush_all.o)
 .debug_info    0x000000000000353e       0xb8 ../leds_eclipse_bsp//libhal_bsp.a(alt_icache_flush_all.o)
 .debug_info    0x00000000000035f6       0x92 ../leds_eclipse_bsp//libhal_bsp.a(altera_nios2_gen2_irq.o)
 .debug_info    0x0000000000003688       0xde ../leds_eclipse_bsp//libhal_bsp.a(alt_icache_flush.o)

.debug_abbrev   0x0000000000000000     0x1675
 *(.debug_abbrev)
 .debug_abbrev  0x0000000000000000       0x12 ../leds_eclipse_bsp//obj/HAL/src/crt0.o
 .debug_abbrev  0x0000000000000012      0x105 obj/default/hello_world_small.o
 .debug_abbrev  0x0000000000000117       0x85 /usr/local/3rdparty/altera/18.1/nios2eds/bin/gnu/H-x86_64-pc-linux-gnu/bin/../lib/gcc/nios2-elf/5.3.0/libgcc.a(_fixunssfdi.o)
 .debug_abbrev  0x000000000000019c       0x6f /usr/local/3rdparty/altera/18.1/nios2eds/bin/gnu/H-x86_64-pc-linux-gnu/bin/../lib/gcc/nios2-elf/5.3.0/libgcc.a(_floatundisf.o)
 .debug_abbrev  0x000000000000020b      0x18a /usr/local/3rdparty/altera/18.1/nios2eds/bin/gnu/H-x86_64-pc-linux-gnu/bin/../lib/gcc/nios2-elf/5.3.0/libgcc.a(_umoddi3.o)
 .debug_abbrev  0x0000000000000395      0x10e /usr/local/3rdparty/altera/18.1/nios2eds/bin/gnu/H-x86_64-pc-linux-gnu/bin/../lib/gcc/nios2-elf/5.3.0/libgcc.a(lib2-divmod.o)
 .debug_abbrev  0x00000000000004a3      0x13c /usr/local/3rdparty/altera/18.1/nios2eds/bin/gnu/H-x86_64-pc-linux-gnu/bin/../lib/gcc/nios2-elf/5.3.0/libgcc.a(addsf3.o)
 .debug_abbrev  0x00000000000005df      0x12d /usr/local/3rdparty/altera/18.1/nios2eds/bin/gnu/H-x86_64-pc-linux-gnu/bin/../lib/gcc/nios2-elf/5.3.0/libgcc.a(mulsf3.o)
 .debug_abbrev  0x000000000000070c      0x13a /usr/local/3rdparty/altera/18.1/nios2eds/bin/gnu/H-x86_64-pc-linux-gnu/bin/../lib/gcc/nios2-elf/5.3.0/libgcc.a(adddf3.o)
 .debug_abbrev  0x0000000000000846      0x13f /usr/local/3rdparty/altera/18.1/nios2eds/bin/gnu/H-x86_64-pc-linux-gnu/bin/../lib/gcc/nios2-elf/5.3.0/libgcc.a(muldf3.o)
 .debug_abbrev  0x0000000000000985      0x133 /usr/local/3rdparty/altera/18.1/nios2eds/bin/gnu/H-x86_64-pc-linux-gnu/bin/../lib/gcc/nios2-elf/5.3.0/libgcc.a(subdf3.o)
 .debug_abbrev  0x0000000000000ab8      0x124 /usr/local/3rdparty/altera/18.1/nios2eds/bin/gnu/H-x86_64-pc-linux-gnu/bin/../lib/gcc/nios2-elf/5.3.0/libgcc.a(floatunsidf.o)
 .debug_abbrev  0x0000000000000bdc      0x124 /usr/local/3rdparty/altera/18.1/nios2eds/bin/gnu/H-x86_64-pc-linux-gnu/bin/../lib/gcc/nios2-elf/5.3.0/libgcc.a(extendsfdf2.o)
 .debug_abbrev  0x0000000000000d00      0x11b /usr/local/3rdparty/altera/18.1/nios2eds/bin/gnu/H-x86_64-pc-linux-gnu/bin/../lib/gcc/nios2-elf/5.3.0/libgcc.a(truncdfsf2.o)
 .debug_abbrev  0x0000000000000e1b       0x5d /usr/local/3rdparty/altera/18.1/nios2eds/bin/gnu/H-x86_64-pc-linux-gnu/bin/../lib/gcc/nios2-elf/5.3.0/libgcc.a(_clz.o)
 .debug_abbrev  0x0000000000000e78       0xbe /usr/local/3rdparty/altera/18.1/nios2eds/bin/gnu/H-x86_64-pc-linux-gnu/bin/../lib/gcc/nios2-elf/5.3.0/libgcc.a(_clzsi2.o)
 .debug_abbrev  0x0000000000000f36       0x60 /usr/local/3rdparty/altera/18.1/nios2eds/bin/gnu/H-x86_64-pc-linux-gnu/bin/../lib/gcc/nios2-elf/5.3.0/libgcc.a(_fixunsdfsi.o)
 .debug_abbrev  0x0000000000000f96      0x137 /usr/local/3rdparty/altera/18.1/nios2eds/bin/gnu/H-x86_64-pc-linux-gnu/bin/../lib/gcc/nios2-elf/5.3.0/libgcc.a(gedf2.o)
 .debug_abbrev  0x00000000000010cd      0x135 /usr/local/3rdparty/altera/18.1/nios2eds/bin/gnu/H-x86_64-pc-linux-gnu/bin/../lib/gcc/nios2-elf/5.3.0/libgcc.a(fixdfsi.o)
 .debug_abbrev  0x0000000000001202       0xd8 ../leds_eclipse_bsp//libhal_bsp.a(alt_load.o)
 .debug_abbrev  0x00000000000012da       0xee ../leds_eclipse_bsp//libhal_bsp.a(alt_main.o)
 .debug_abbrev  0x00000000000013c8      0x107 ../leds_eclipse_bsp//libhal_bsp.a(alt_sys_init.o)
 .debug_abbrev  0x00000000000014cf       0x5a ../leds_eclipse_bsp//libhal_bsp.a(alt_dcache_flush_all.o)
 .debug_abbrev  0x0000000000001529       0x6f ../leds_eclipse_bsp//libhal_bsp.a(alt_icache_flush_all.o)
 .debug_abbrev  0x0000000000001598       0x42 ../leds_eclipse_bsp//libhal_bsp.a(altera_nios2_gen2_irq.o)
 .debug_abbrev  0x00000000000015da       0x9b ../leds_eclipse_bsp//libhal_bsp.a(alt_icache_flush.o)

.debug_line     0x0000000000000000     0x1a3d
 *(.debug_line)
 .debug_line    0x0000000000000000       0x72 ../leds_eclipse_bsp//obj/HAL/src/crt0.o
 .debug_line    0x0000000000000072       0x9d obj/default/hello_world_small.o
 .debug_line    0x000000000000010f       0x72 /usr/local/3rdparty/altera/18.1/nios2eds/bin/gnu/H-x86_64-pc-linux-gnu/bin/../lib/gcc/nios2-elf/5.3.0/libgcc.a(_fixunssfdi.o)
 .debug_line    0x0000000000000181       0x80 /usr/local/3rdparty/altera/18.1/nios2eds/bin/gnu/H-x86_64-pc-linux-gnu/bin/../lib/gcc/nios2-elf/5.3.0/libgcc.a(_floatundisf.o)
 .debug_line    0x0000000000000201      0x13a /usr/local/3rdparty/altera/18.1/nios2eds/bin/gnu/H-x86_64-pc-linux-gnu/bin/../lib/gcc/nios2-elf/5.3.0/libgcc.a(_umoddi3.o)
 .debug_line    0x000000000000033b      0x102 /usr/local/3rdparty/altera/18.1/nios2eds/bin/gnu/H-x86_64-pc-linux-gnu/bin/../lib/gcc/nios2-elf/5.3.0/libgcc.a(lib2-divmod.o)
 .debug_line    0x000000000000043d      0x287 /usr/local/3rdparty/altera/18.1/nios2eds/bin/gnu/H-x86_64-pc-linux-gnu/bin/../lib/gcc/nios2-elf/5.3.0/libgcc.a(addsf3.o)
 .debug_line    0x00000000000006c4      0x159 /usr/local/3rdparty/altera/18.1/nios2eds/bin/gnu/H-x86_64-pc-linux-gnu/bin/../lib/gcc/nios2-elf/5.3.0/libgcc.a(mulsf3.o)
 .debug_line    0x000000000000081d      0x37b /usr/local/3rdparty/altera/18.1/nios2eds/bin/gnu/H-x86_64-pc-linux-gnu/bin/../lib/gcc/nios2-elf/5.3.0/libgcc.a(adddf3.o)
 .debug_line    0x0000000000000b98      0x1e3 /usr/local/3rdparty/altera/18.1/nios2eds/bin/gnu/H-x86_64-pc-linux-gnu/bin/../lib/gcc/nios2-elf/5.3.0/libgcc.a(muldf3.o)
 .debug_line    0x0000000000000d7b      0x3a8 /usr/local/3rdparty/altera/18.1/nios2eds/bin/gnu/H-x86_64-pc-linux-gnu/bin/../lib/gcc/nios2-elf/5.3.0/libgcc.a(subdf3.o)
 .debug_line    0x0000000000001123       0x92 /usr/local/3rdparty/altera/18.1/nios2eds/bin/gnu/H-x86_64-pc-linux-gnu/bin/../lib/gcc/nios2-elf/5.3.0/libgcc.a(floatunsidf.o)
 .debug_line    0x00000000000011b5       0xc1 /usr/local/3rdparty/altera/18.1/nios2eds/bin/gnu/H-x86_64-pc-linux-gnu/bin/../lib/gcc/nios2-elf/5.3.0/libgcc.a(extendsfdf2.o)
 .debug_line    0x0000000000001276       0xf7 /usr/local/3rdparty/altera/18.1/nios2eds/bin/gnu/H-x86_64-pc-linux-gnu/bin/../lib/gcc/nios2-elf/5.3.0/libgcc.a(truncdfsf2.o)
 .debug_line    0x000000000000136d       0x53 /usr/local/3rdparty/altera/18.1/nios2eds/bin/gnu/H-x86_64-pc-linux-gnu/bin/../lib/gcc/nios2-elf/5.3.0/libgcc.a(_clz.o)
 .debug_line    0x00000000000013c0       0xb7 /usr/local/3rdparty/altera/18.1/nios2eds/bin/gnu/H-x86_64-pc-linux-gnu/bin/../lib/gcc/nios2-elf/5.3.0/libgcc.a(_clzsi2.o)
 .debug_line    0x0000000000001477       0x6b /usr/local/3rdparty/altera/18.1/nios2eds/bin/gnu/H-x86_64-pc-linux-gnu/bin/../lib/gcc/nios2-elf/5.3.0/libgcc.a(_fixunsdfsi.o)
 .debug_line    0x00000000000014e2       0xcb /usr/local/3rdparty/altera/18.1/nios2eds/bin/gnu/H-x86_64-pc-linux-gnu/bin/../lib/gcc/nios2-elf/5.3.0/libgcc.a(gedf2.o)
 .debug_line    0x00000000000015ad       0x98 /usr/local/3rdparty/altera/18.1/nios2eds/bin/gnu/H-x86_64-pc-linux-gnu/bin/../lib/gcc/nios2-elf/5.3.0/libgcc.a(fixdfsi.o)
 .debug_line    0x0000000000001645       0xa4 ../leds_eclipse_bsp//libhal_bsp.a(alt_load.o)
 .debug_line    0x00000000000016e9       0xbd ../leds_eclipse_bsp//libhal_bsp.a(alt_main.o)
 .debug_line    0x00000000000017a6      0x102 ../leds_eclipse_bsp//libhal_bsp.a(alt_sys_init.o)
 .debug_line    0x00000000000018a8       0x5a ../leds_eclipse_bsp//libhal_bsp.a(alt_dcache_flush_all.o)
 .debug_line    0x0000000000001902       0x6e ../leds_eclipse_bsp//libhal_bsp.a(alt_icache_flush_all.o)
 .debug_line    0x0000000000001970       0x50 ../leds_eclipse_bsp//libhal_bsp.a(altera_nios2_gen2_irq.o)
 .debug_line    0x00000000000019c0       0x7d ../leds_eclipse_bsp//libhal_bsp.a(alt_icache_flush.o)

.debug_frame    0x0000000000000000      0x4f8
 *(.debug_frame)
 .debug_frame   0x0000000000000000       0x38 obj/default/hello_world_small.o
 .debug_frame   0x0000000000000038       0x38 /usr/local/3rdparty/altera/18.1/nios2eds/bin/gnu/H-x86_64-pc-linux-gnu/bin/../lib/gcc/nios2-elf/5.3.0/libgcc.a(_fixunssfdi.o)
 .debug_frame   0x0000000000000070       0x38 /usr/local/3rdparty/altera/18.1/nios2eds/bin/gnu/H-x86_64-pc-linux-gnu/bin/../lib/gcc/nios2-elf/5.3.0/libgcc.a(_floatundisf.o)
 .debug_frame   0x00000000000000a8       0x54 /usr/local/3rdparty/altera/18.1/nios2eds/bin/gnu/H-x86_64-pc-linux-gnu/bin/../lib/gcc/nios2-elf/5.3.0/libgcc.a(_umoddi3.o)
 .debug_frame   0x00000000000000fc       0x50 /usr/local/3rdparty/altera/18.1/nios2eds/bin/gnu/H-x86_64-pc-linux-gnu/bin/../lib/gcc/nios2-elf/5.3.0/libgcc.a(lib2-divmod.o)
 .debug_frame   0x000000000000014c       0x3c /usr/local/3rdparty/altera/18.1/nios2eds/bin/gnu/H-x86_64-pc-linux-gnu/bin/../lib/gcc/nios2-elf/5.3.0/libgcc.a(addsf3.o)
 .debug_frame   0x0000000000000188       0x58 /usr/local/3rdparty/altera/18.1/nios2eds/bin/gnu/H-x86_64-pc-linux-gnu/bin/../lib/gcc/nios2-elf/5.3.0/libgcc.a(mulsf3.o)
 .debug_frame   0x00000000000001e0       0x40 /usr/local/3rdparty/altera/18.1/nios2eds/bin/gnu/H-x86_64-pc-linux-gnu/bin/../lib/gcc/nios2-elf/5.3.0/libgcc.a(adddf3.o)
 .debug_frame   0x0000000000000220       0x58 /usr/local/3rdparty/altera/18.1/nios2eds/bin/gnu/H-x86_64-pc-linux-gnu/bin/../lib/gcc/nios2-elf/5.3.0/libgcc.a(muldf3.o)
 .debug_frame   0x0000000000000278       0x44 /usr/local/3rdparty/altera/18.1/nios2eds/bin/gnu/H-x86_64-pc-linux-gnu/bin/../lib/gcc/nios2-elf/5.3.0/libgcc.a(subdf3.o)
 .debug_frame   0x00000000000002bc       0x34 /usr/local/3rdparty/altera/18.1/nios2eds/bin/gnu/H-x86_64-pc-linux-gnu/bin/../lib/gcc/nios2-elf/5.3.0/libgcc.a(floatunsidf.o)
 .debug_frame   0x00000000000002f0       0x38 /usr/local/3rdparty/altera/18.1/nios2eds/bin/gnu/H-x86_64-pc-linux-gnu/bin/../lib/gcc/nios2-elf/5.3.0/libgcc.a(extendsfdf2.o)
 .debug_frame   0x0000000000000328       0x20 /usr/local/3rdparty/altera/18.1/nios2eds/bin/gnu/H-x86_64-pc-linux-gnu/bin/../lib/gcc/nios2-elf/5.3.0/libgcc.a(truncdfsf2.o)
 .debug_frame   0x0000000000000348       0x20 /usr/local/3rdparty/altera/18.1/nios2eds/bin/gnu/H-x86_64-pc-linux-gnu/bin/../lib/gcc/nios2-elf/5.3.0/libgcc.a(_clzsi2.o)
 .debug_frame   0x0000000000000368       0x38 /usr/local/3rdparty/altera/18.1/nios2eds/bin/gnu/H-x86_64-pc-linux-gnu/bin/../lib/gcc/nios2-elf/5.3.0/libgcc.a(_fixunsdfsi.o)
 .debug_frame   0x00000000000003a0       0x20 /usr/local/3rdparty/altera/18.1/nios2eds/bin/gnu/H-x86_64-pc-linux-gnu/bin/../lib/gcc/nios2-elf/5.3.0/libgcc.a(gedf2.o)
 .debug_frame   0x00000000000003c0       0x20 /usr/local/3rdparty/altera/18.1/nios2eds/bin/gnu/H-x86_64-pc-linux-gnu/bin/../lib/gcc/nios2-elf/5.3.0/libgcc.a(fixdfsi.o)
 .debug_frame   0x00000000000003e0       0x30 ../leds_eclipse_bsp//libhal_bsp.a(alt_load.o)
 .debug_frame   0x0000000000000410       0x2c ../leds_eclipse_bsp//libhal_bsp.a(alt_main.o)
 .debug_frame   0x000000000000043c       0x3c ../leds_eclipse_bsp//libhal_bsp.a(alt_sys_init.o)
 .debug_frame   0x0000000000000478       0x20 ../leds_eclipse_bsp//libhal_bsp.a(alt_dcache_flush_all.o)
 .debug_frame   0x0000000000000498       0x20 ../leds_eclipse_bsp//libhal_bsp.a(alt_icache_flush_all.o)
 .debug_frame   0x00000000000004b8       0x20 ../leds_eclipse_bsp//libhal_bsp.a(altera_nios2_gen2_irq.o)
 .debug_frame   0x00000000000004d8       0x20 ../leds_eclipse_bsp//libhal_bsp.a(alt_icache_flush.o)

.debug_str      0x0000000000000000      0xd25
 *(.debug_str)
 .debug_str     0x0000000000000000      0x1a2 obj/default/hello_world_small.o
                                        0x1ed (size before relaxing)
 .debug_str     0x00000000000001a2      0x158 /usr/local/3rdparty/altera/18.1/nios2eds/bin/gnu/H-x86_64-pc-linux-gnu/bin/../lib/gcc/nios2-elf/5.3.0/libgcc.a(_fixunssfdi.o)
                                        0x1da (size before relaxing)
 .debug_str     0x00000000000002fa        0xe /usr/local/3rdparty/altera/18.1/nios2eds/bin/gnu/H-x86_64-pc-linux-gnu/bin/../lib/gcc/nios2-elf/5.3.0/libgcc.a(_floatundisf.o)
                                        0x1db (size before relaxing)
 .debug_str     0x0000000000000308      0x11c /usr/local/3rdparty/altera/18.1/nios2eds/bin/gnu/H-x86_64-pc-linux-gnu/bin/../lib/gcc/nios2-elf/5.3.0/libgcc.a(_umoddi3.o)
                                        0x283 (size before relaxing)
 .debug_str     0x0000000000000424       0x7c /usr/local/3rdparty/altera/18.1/nios2eds/bin/gnu/H-x86_64-pc-linux-gnu/bin/../lib/gcc/nios2-elf/5.3.0/libgcc.a(lib2-divmod.o)
                                        0x1b9 (size before relaxing)
 .debug_str     0x00000000000004a0       0xf9 /usr/local/3rdparty/altera/18.1/nios2eds/bin/gnu/H-x86_64-pc-linux-gnu/bin/../lib/gcc/nios2-elf/5.3.0/libgcc.a(addsf3.o)
                                        0x26a (size before relaxing)
 .debug_str     0x0000000000000599       0xa6 /usr/local/3rdparty/altera/18.1/nios2eds/bin/gnu/H-x86_64-pc-linux-gnu/bin/../lib/gcc/nios2-elf/5.3.0/libgcc.a(mulsf3.o)
                                        0x287 (size before relaxing)
 .debug_str     0x000000000000063f       0x94 /usr/local/3rdparty/altera/18.1/nios2eds/bin/gnu/H-x86_64-pc-linux-gnu/bin/../lib/gcc/nios2-elf/5.3.0/libgcc.a(adddf3.o)
                                        0x290 (size before relaxing)
 .debug_str     0x00000000000006d3      0x15b /usr/local/3rdparty/altera/18.1/nios2eds/bin/gnu/H-x86_64-pc-linux-gnu/bin/../lib/gcc/nios2-elf/5.3.0/libgcc.a(muldf3.o)
                                        0x3a9 (size before relaxing)
 .debug_str     0x000000000000082e       0x36 /usr/local/3rdparty/altera/18.1/nios2eds/bin/gnu/H-x86_64-pc-linux-gnu/bin/../lib/gcc/nios2-elf/5.3.0/libgcc.a(subdf3.o)
                                        0x290 (size before relaxing)
 .debug_str     0x0000000000000864       0x6d /usr/local/3rdparty/altera/18.1/nios2eds/bin/gnu/H-x86_64-pc-linux-gnu/bin/../lib/gcc/nios2-elf/5.3.0/libgcc.a(floatunsidf.o)
                                        0x226 (size before relaxing)
 .debug_str     0x00000000000008d1       0x4d /usr/local/3rdparty/altera/18.1/nios2eds/bin/gnu/H-x86_64-pc-linux-gnu/bin/../lib/gcc/nios2-elf/5.3.0/libgcc.a(extendsfdf2.o)
                                        0x236 (size before relaxing)
 .debug_str     0x000000000000091e       0x3e /usr/local/3rdparty/altera/18.1/nios2eds/bin/gnu/H-x86_64-pc-linux-gnu/bin/../lib/gcc/nios2-elf/5.3.0/libgcc.a(truncdfsf2.o)
                                        0x240 (size before relaxing)
 .debug_str     0x000000000000095c      0x1ca /usr/local/3rdparty/altera/18.1/nios2eds/bin/gnu/H-x86_64-pc-linux-gnu/bin/../lib/gcc/nios2-elf/5.3.0/libgcc.a(_clz.o)
 .debug_str     0x000000000000095c        0x9 /usr/local/3rdparty/altera/18.1/nios2eds/bin/gnu/H-x86_64-pc-linux-gnu/bin/../lib/gcc/nios2-elf/5.3.0/libgcc.a(_clzsi2.o)
                                        0x1e7 (size before relaxing)
 .debug_str     0x0000000000000965        0xd /usr/local/3rdparty/altera/18.1/nios2eds/bin/gnu/H-x86_64-pc-linux-gnu/bin/../lib/gcc/nios2-elf/5.3.0/libgcc.a(_fixunsdfsi.o)
                                        0x1d2 (size before relaxing)
 .debug_str     0x0000000000000972       0x58 /usr/local/3rdparty/altera/18.1/nios2eds/bin/gnu/H-x86_64-pc-linux-gnu/bin/../lib/gcc/nios2-elf/5.3.0/libgcc.a(gedf2.o)
                                        0x21a (size before relaxing)
 .debug_str     0x00000000000009ca       0x4b /usr/local/3rdparty/altera/18.1/nios2eds/bin/gnu/H-x86_64-pc-linux-gnu/bin/../lib/gcc/nios2-elf/5.3.0/libgcc.a(fixdfsi.o)
                                        0x212 (size before relaxing)
 .debug_str     0x0000000000000a15      0x145 ../leds_eclipse_bsp//libhal_bsp.a(alt_load.o)
                                        0x231 (size before relaxing)
 .debug_str     0x0000000000000b5a       0x8f ../leds_eclipse_bsp//libhal_bsp.a(alt_main.o)
                                        0x1aa (size before relaxing)
 .debug_str     0x0000000000000be9       0xb2 ../leds_eclipse_bsp//libhal_bsp.a(alt_sys_init.o)
                                        0x222 (size before relaxing)
 .debug_str     0x0000000000000c9b       0x1f ../leds_eclipse_bsp//libhal_bsp.a(alt_dcache_flush_all.o)
                                        0x14a (size before relaxing)
 .debug_str     0x0000000000000cba       0x30 ../leds_eclipse_bsp//libhal_bsp.a(alt_icache_flush_all.o)
                                        0x15b (size before relaxing)
 .debug_str     0x0000000000000cea       0x20 ../leds_eclipse_bsp//libhal_bsp.a(altera_nios2_gen2_irq.o)
                                        0x151 (size before relaxing)
 .debug_str     0x0000000000000d0a       0x1b ../leds_eclipse_bsp//libhal_bsp.a(alt_icache_flush.o)
                                        0x150 (size before relaxing)

.debug_loc      0x0000000000000000     0x7083
 *(.debug_loc)
 .debug_loc     0x0000000000000000       0x64 obj/default/hello_world_small.o
 .debug_loc     0x0000000000000064       0x74 /usr/local/3rdparty/altera/18.1/nios2eds/bin/gnu/H-x86_64-pc-linux-gnu/bin/../lib/gcc/nios2-elf/5.3.0/libgcc.a(_fixunssfdi.o)
 .debug_loc     0x00000000000000d8       0x40 /usr/local/3rdparty/altera/18.1/nios2eds/bin/gnu/H-x86_64-pc-linux-gnu/bin/../lib/gcc/nios2-elf/5.3.0/libgcc.a(_floatundisf.o)
 .debug_loc     0x0000000000000118     0x10ad /usr/local/3rdparty/altera/18.1/nios2eds/bin/gnu/H-x86_64-pc-linux-gnu/bin/../lib/gcc/nios2-elf/5.3.0/libgcc.a(_umoddi3.o)
 .debug_loc     0x00000000000011c5      0x4ce /usr/local/3rdparty/altera/18.1/nios2eds/bin/gnu/H-x86_64-pc-linux-gnu/bin/../lib/gcc/nios2-elf/5.3.0/libgcc.a(lib2-divmod.o)
 .debug_loc     0x0000000000001693      0xae0 /usr/local/3rdparty/altera/18.1/nios2eds/bin/gnu/H-x86_64-pc-linux-gnu/bin/../lib/gcc/nios2-elf/5.3.0/libgcc.a(addsf3.o)
 .debug_loc     0x0000000000002173      0x740 /usr/local/3rdparty/altera/18.1/nios2eds/bin/gnu/H-x86_64-pc-linux-gnu/bin/../lib/gcc/nios2-elf/5.3.0/libgcc.a(mulsf3.o)
 .debug_loc     0x00000000000028b3     0x16f9 /usr/local/3rdparty/altera/18.1/nios2eds/bin/gnu/H-x86_64-pc-linux-gnu/bin/../lib/gcc/nios2-elf/5.3.0/libgcc.a(adddf3.o)
 .debug_loc     0x0000000000003fac     0x100d /usr/local/3rdparty/altera/18.1/nios2eds/bin/gnu/H-x86_64-pc-linux-gnu/bin/../lib/gcc/nios2-elf/5.3.0/libgcc.a(muldf3.o)
 .debug_loc     0x0000000000004fb9     0x1627 /usr/local/3rdparty/altera/18.1/nios2eds/bin/gnu/H-x86_64-pc-linux-gnu/bin/../lib/gcc/nios2-elf/5.3.0/libgcc.a(subdf3.o)
 .debug_loc     0x00000000000065e0      0x19e /usr/local/3rdparty/altera/18.1/nios2eds/bin/gnu/H-x86_64-pc-linux-gnu/bin/../lib/gcc/nios2-elf/5.3.0/libgcc.a(floatunsidf.o)
 .debug_loc     0x000000000000677e      0x26d /usr/local/3rdparty/altera/18.1/nios2eds/bin/gnu/H-x86_64-pc-linux-gnu/bin/../lib/gcc/nios2-elf/5.3.0/libgcc.a(extendsfdf2.o)
 .debug_loc     0x00000000000069eb      0x359 /usr/local/3rdparty/altera/18.1/nios2eds/bin/gnu/H-x86_64-pc-linux-gnu/bin/../lib/gcc/nios2-elf/5.3.0/libgcc.a(truncdfsf2.o)
 .debug_loc     0x0000000000006d44       0x6b /usr/local/3rdparty/altera/18.1/nios2eds/bin/gnu/H-x86_64-pc-linux-gnu/bin/../lib/gcc/nios2-elf/5.3.0/libgcc.a(_clzsi2.o)
 .debug_loc     0x0000000000006daf       0x28 /usr/local/3rdparty/altera/18.1/nios2eds/bin/gnu/H-x86_64-pc-linux-gnu/bin/../lib/gcc/nios2-elf/5.3.0/libgcc.a(_fixunsdfsi.o)
 .debug_loc     0x0000000000006dd7       0xf9 /usr/local/3rdparty/altera/18.1/nios2eds/bin/gnu/H-x86_64-pc-linux-gnu/bin/../lib/gcc/nios2-elf/5.3.0/libgcc.a(gedf2.o)
 .debug_loc     0x0000000000006ed0      0x121 /usr/local/3rdparty/altera/18.1/nios2eds/bin/gnu/H-x86_64-pc-linux-gnu/bin/../lib/gcc/nios2-elf/5.3.0/libgcc.a(fixdfsi.o)
 .debug_loc     0x0000000000006ff1       0x21 ../leds_eclipse_bsp//libhal_bsp.a(alt_sys_init.o)
 .debug_loc     0x0000000000007012       0x1f ../leds_eclipse_bsp//libhal_bsp.a(alt_dcache_flush_all.o)
 .debug_loc     0x0000000000007031       0x52 ../leds_eclipse_bsp//libhal_bsp.a(alt_icache_flush.o)

.debug_macinfo
 *(.debug_macinfo)

.debug_weaknames
 *(.debug_weaknames)

.debug_funcnames
 *(.debug_funcnames)

.debug_typenames
 *(.debug_typenames)

.debug_varnames
 *(.debug_varnames)

.debug_alt_sim_info
                0x0000000000000000       0x30
 *(.debug_alt_sim_info)
 .debug_alt_sim_info
                0x0000000000000000       0x30 ../leds_eclipse_bsp//obj/HAL/src/crt0.o
                0x0000000010000000                __alt_data_end = 0x10000000
                0x0000000010000000                PROVIDE (__alt_stack_pointer, __alt_data_end)
                [!provide]                        PROVIDE (__alt_stack_limit, __alt_stack_base)
                [!provide]                        PROVIDE (__alt_heap_start, end)
                [!provide]                        PROVIDE (__alt_heap_limit, 0x10000000)
OUTPUT(leds_eclipse.elf elf32-littlenios2)

.debug_ranges   0x0000000000000000      0xc70
 .debug_ranges  0x0000000000000000       0x20 ../leds_eclipse_bsp//obj/HAL/src/crt0.o
 .debug_ranges  0x0000000000000020       0x48 obj/default/hello_world_small.o
 .debug_ranges  0x0000000000000068      0x160 /usr/local/3rdparty/altera/18.1/nios2eds/bin/gnu/H-x86_64-pc-linux-gnu/bin/../lib/gcc/nios2-elf/5.3.0/libgcc.a(_umoddi3.o)
 .debug_ranges  0x00000000000001c8       0x60 /usr/local/3rdparty/altera/18.1/nios2eds/bin/gnu/H-x86_64-pc-linux-gnu/bin/../lib/gcc/nios2-elf/5.3.0/libgcc.a(lib2-divmod.o)
 .debug_ranges  0x0000000000000228      0x188 /usr/local/3rdparty/altera/18.1/nios2eds/bin/gnu/H-x86_64-pc-linux-gnu/bin/../lib/gcc/nios2-elf/5.3.0/libgcc.a(addsf3.o)
 .debug_ranges  0x00000000000003b0       0x68 /usr/local/3rdparty/altera/18.1/nios2eds/bin/gnu/H-x86_64-pc-linux-gnu/bin/../lib/gcc/nios2-elf/5.3.0/libgcc.a(mulsf3.o)
 .debug_ranges  0x0000000000000418      0x240 /usr/local/3rdparty/altera/18.1/nios2eds/bin/gnu/H-x86_64-pc-linux-gnu/bin/../lib/gcc/nios2-elf/5.3.0/libgcc.a(adddf3.o)
 .debug_ranges  0x0000000000000658      0x1f0 /usr/local/3rdparty/altera/18.1/nios2eds/bin/gnu/H-x86_64-pc-linux-gnu/bin/../lib/gcc/nios2-elf/5.3.0/libgcc.a(muldf3.o)
 .debug_ranges  0x0000000000000848      0x268 /usr/local/3rdparty/altera/18.1/nios2eds/bin/gnu/H-x86_64-pc-linux-gnu/bin/../lib/gcc/nios2-elf/5.3.0/libgcc.a(subdf3.o)
 .debug_ranges  0x0000000000000ab0       0x18 /usr/local/3rdparty/altera/18.1/nios2eds/bin/gnu/H-x86_64-pc-linux-gnu/bin/../lib/gcc/nios2-elf/5.3.0/libgcc.a(floatunsidf.o)
 .debug_ranges  0x0000000000000ac8       0x48 /usr/local/3rdparty/altera/18.1/nios2eds/bin/gnu/H-x86_64-pc-linux-gnu/bin/../lib/gcc/nios2-elf/5.3.0/libgcc.a(extendsfdf2.o)
 .debug_ranges  0x0000000000000b10       0x38 /usr/local/3rdparty/altera/18.1/nios2eds/bin/gnu/H-x86_64-pc-linux-gnu/bin/../lib/gcc/nios2-elf/5.3.0/libgcc.a(truncdfsf2.o)
 .debug_ranges  0x0000000000000b48       0x18 /usr/local/3rdparty/altera/18.1/nios2eds/bin/gnu/H-x86_64-pc-linux-gnu/bin/../lib/gcc/nios2-elf/5.3.0/libgcc.a(_clzsi2.o)
 .debug_ranges  0x0000000000000b60       0x88 /usr/local/3rdparty/altera/18.1/nios2eds/bin/gnu/H-x86_64-pc-linux-gnu/bin/../lib/gcc/nios2-elf/5.3.0/libgcc.a(gedf2.o)
 .debug_ranges  0x0000000000000be8       0x30 /usr/local/3rdparty/altera/18.1/nios2eds/bin/gnu/H-x86_64-pc-linux-gnu/bin/../lib/gcc/nios2-elf/5.3.0/libgcc.a(fixdfsi.o)
 .debug_ranges  0x0000000000000c18       0x48 ../leds_eclipse_bsp//libhal_bsp.a(alt_load.o)
 .debug_ranges  0x0000000000000c60       0x10 ../leds_eclipse_bsp//libhal_bsp.a(alt_icache_flush.o)
